EN ifreg NULL E:/Thinpand/CPU/project/CPU/CPU/IFReg.vhd sub00/vhpl06 1418001158
AR mux_wdata behavioral E:/Thinpand/CPU/project/CPU/CPU/mux_wdata.vhd sub00/vhpl37 1418001191
AR mux_rwdata behavioral E:/Thinpand/CPU/project/CPU/CPU/mux_rwdata.vhd sub00/vhpl41 1418001195
AR ifreg behavioral E:/Thinpand/CPU/project/CPU/CPU/IFReg.vhd sub00/vhpl07 1418001159
EN adder NULL E:/Thinpand/CPU/project/CPU/CPU/Adder.vhd sub00/vhpl18 1418001170
EN qreg NULL E:/Thinpand/CPU/project/CPU/CPU/QReg.vhd sub00/vhpl04 1418001156
EN foward NULL E:/Thinpand/CPU/project/CPU/CPU/Foward.vhd sub00/vhpl26 1418001178
EN dm NULL E:/Thinpand/CPU/project/CPU/CPU/DM.vhd sub00/vhpl02 1418001154
AR exereg behavioral E:/Thinpand/CPU/project/CPU/CPU/EXEReg.vhd sub00/vhpl11 1418001163
EN mux_raddr NULL E:/Thinpand/CPU/project/CPU/CPU/mux_raddr.vhd sub00/vhpl34 1418001188
AR a_mux behavior E:/Thinpand/CPU/project/CPU/CPU/A_MUX.vhd sub00/vhpl31 1418001185
EN pause NULL E:/Thinpand/CPU/project/CPU/CPU/Pause.vhd sub00/vhpl44 1418001180
AR im behavioral E:/Thinpand/CPU/project/CPU/CPU/IM.vhd sub00/vhpl01 1418001153
EN mux_pc NULL E:/Thinpand/CPU/project/CPU/CPU/mux_pc.vhd sub00/vhpl28 1418001182
EN mux_wdata NULL E:/Thinpand/CPU/project/CPU/CPU/mux_wdata.vhd sub00/vhpl36 1418001190
EN mux_rwdata NULL E:/Thinpand/CPU/project/CPU/CPU/mux_rwdata.vhd sub00/vhpl40 1418001194
EN mux_sp_s NULL E:/Thinpand/CPU/project/CPU/CPU/mux_sp_s.vhd sub00/vhpl38 1418001192
EN im NULL E:/Thinpand/CPU/project/CPU/CPU/IM.vhd sub00/vhpl00 1418001152
EN exereg NULL E:/Thinpand/CPU/project/CPU/CPU/EXEReg.vhd sub00/vhpl10 1418001162
EN cpu NULL E:/Thinpand/CPU/project/CPU/CPU/CPU.vhd sub00/vhpl42 1418001196
AR controller behavior E:/Thinpand/CPU/project/CPU/CPU/controller.vhd sub00/vhpl23 1418001175
EN a_mux NULL E:/Thinpand/CPU/project/CPU/CPU/A_MUX.vhd sub00/vhpl30 1418001184
AR cpu behavioral E:/Thinpand/CPU/project/CPU/CPU/CPU.vhd sub00/vhpl43 1418001197
AR mux_sp_s behavioral E:/Thinpand/CPU/project/CPU/CPU/mux_sp_s.vhd sub00/vhpl39 1418001193
AR memmgr behavioral E:/Thinpand/CPU/project/CPU/CPU/memMgr.vhd sub00/vhpl17 1418001169
AR idreg behavioral E:/Thinpand/CPU/project/CPU/CPU/IDReg.vhd sub00/vhpl09 1418001161
EN memreg NULL E:/Thinpand/CPU/project/CPU/CPU/MEMReg.vhd sub00/vhpl12 1418001164
EN rf NULL E:/Thinpand/CPU/project/CPU/CPU/RF.vhd sub00/vhpl14 1418001166
AR mux_raddr behavioral E:/Thinpand/CPU/project/CPU/CPU/mux_raddr.vhd sub00/vhpl35 1418001189
AR dm behavioral E:/Thinpand/CPU/project/CPU/CPU/DM.vhd sub00/vhpl03 1418001155
AR extension behavioral E:/Thinpand/CPU/project/CPU/CPU/extension.vhd sub00/vhpl25 1418001177
AR mux_pc behavioral E:/Thinpand/CPU/project/CPU/CPU/mux_pc.vhd sub00/vhpl29 1418001183
EN b_mux NULL E:/Thinpand/CPU/project/CPU/CPU/B_MUX.vhd sub00/vhpl32 1418001186
AR foward behavior E:/Thinpand/CPU/project/CPU/CPU/Foward.vhd sub00/vhpl27 1418001179
AR pause behavior E:/Thinpand/CPU/project/CPU/CPU/Pause.vhd sub00/vhpl45 1418001181
EN idreg NULL E:/Thinpand/CPU/project/CPU/CPU/IDReg.vhd sub00/vhpl08 1418001160
EN extension NULL E:/Thinpand/CPU/project/CPU/CPU/extension.vhd sub00/vhpl24 1418001176
AR adder behavioral E:/Thinpand/CPU/project/CPU/CPU/Adder.vhd sub00/vhpl19 1418001171
AR alu behavioral E:/Thinpand/CPU/project/CPU/CPU/ALU.vhd sub00/vhpl21 1418001173
AR b_mux behavior E:/Thinpand/CPU/project/CPU/CPU/B_MUX.vhd sub00/vhpl33 1418001187
EN controller NULL E:/Thinpand/CPU/project/CPU/CPU/controller.vhd sub00/vhpl22 1418001174
AR qreg behavioral E:/Thinpand/CPU/project/CPU/CPU/QReg.vhd sub00/vhpl05 1418001157
AR memreg behavioral E:/Thinpand/CPU/project/CPU/CPU/MEMReg.vhd sub00/vhpl13 1418001165
AR rf behavioral E:/Thinpand/CPU/project/CPU/CPU/RF.vhd sub00/vhpl15 1418001167
EN memmgr NULL E:/Thinpand/CPU/project/CPU/CPU/memMgr.vhd sub00/vhpl16 1418001168
EN alu NULL E:/Thinpand/CPU/project/CPU/CPU/ALU.vhd sub00/vhpl20 1418001172
