EN ifreg NULL E:/Thinpand/CPU/project/CPU/CPU/IFReg.vhd sub00/vhpl06 1417907369
AR mux_wdata behavioral E:/Thinpand/CPU/project/CPU/CPU/mux_wdata.vhd sub00/vhpl37 1417907402
AR mux_rwdata behavioral E:/Thinpand/CPU/project/CPU/CPU/mux_rwdata.vhd sub00/vhpl41 1417907406
AR ifreg behavioral E:/Thinpand/CPU/project/CPU/CPU/IFReg.vhd sub00/vhpl07 1417907370
EN adder NULL E:/Thinpand/CPU/project/CPU/CPU/Adder.vhd sub00/vhpl18 1417907381
EN qreg NULL E:/Thinpand/CPU/project/CPU/CPU/QReg.vhd sub00/vhpl04 1417907367
EN foward NULL E:/Thinpand/CPU/project/CPU/CPU/Foward.vhd sub00/vhpl26 1417907389
EN dm NULL E:/Thinpand/CPU/project/CPU/CPU/DM.vhd sub00/vhpl02 1417907365
AR exereg behavioral E:/Thinpand/CPU/project/CPU/CPU/EXEReg.vhd sub00/vhpl11 1417907374
EN mux_raddr NULL E:/Thinpand/CPU/project/CPU/CPU/mux_raddr.vhd sub00/vhpl34 1417907399
AR a_mux behavior E:/Thinpand/CPU/project/CPU/CPU/A_MUX.vhd sub00/vhpl31 1417907396
EN pause NULL E:/Thinpand/CPU/project/CPU/CPU/Pause.vhd sub00/vhpl44 1417907391
AR im behavioral E:/Thinpand/CPU/project/CPU/CPU/IM.vhd sub00/vhpl01 1417907364
EN mux_pc NULL E:/Thinpand/CPU/project/CPU/CPU/mux_pc.vhd sub00/vhpl28 1417907393
EN mux_wdata NULL E:/Thinpand/CPU/project/CPU/CPU/mux_wdata.vhd sub00/vhpl36 1417907401
EN mux_rwdata NULL E:/Thinpand/CPU/project/CPU/CPU/mux_rwdata.vhd sub00/vhpl40 1417907405
EN mux_sp_s NULL E:/Thinpand/CPU/project/CPU/CPU/mux_sp_s.vhd sub00/vhpl38 1417907403
EN im NULL E:/Thinpand/CPU/project/CPU/CPU/IM.vhd sub00/vhpl00 1417907363
EN exereg NULL E:/Thinpand/CPU/project/CPU/CPU/EXEReg.vhd sub00/vhpl10 1417907373
EN cpu NULL E:/Thinpand/CPU/project/CPU/CPU/CPU.vhd sub00/vhpl42 1417907407
AR controller behavior E:/Thinpand/CPU/project/CPU/CPU/controller.vhd sub00/vhpl23 1417907386
EN a_mux NULL E:/Thinpand/CPU/project/CPU/CPU/A_MUX.vhd sub00/vhpl30 1417907395
AR cpu behavioral E:/Thinpand/CPU/project/CPU/CPU/CPU.vhd sub00/vhpl43 1417907408
AR mux_sp_s behavioral E:/Thinpand/CPU/project/CPU/CPU/mux_sp_s.vhd sub00/vhpl39 1417907404
AR memmgr behavioral E:/Thinpand/CPU/project/CPU/CPU/memMgr.vhd sub00/vhpl17 1417907380
AR idreg behavioral E:/Thinpand/CPU/project/CPU/CPU/IDReg.vhd sub00/vhpl09 1417907372
EN memreg NULL E:/Thinpand/CPU/project/CPU/CPU/MEMReg.vhd sub00/vhpl12 1417907375
EN rf NULL E:/Thinpand/CPU/project/CPU/CPU/RF.vhd sub00/vhpl14 1417907377
AR mux_raddr behavioral E:/Thinpand/CPU/project/CPU/CPU/mux_raddr.vhd sub00/vhpl35 1417907400
AR dm behavioral E:/Thinpand/CPU/project/CPU/CPU/DM.vhd sub00/vhpl03 1417907366
AR extension behavioral E:/Thinpand/CPU/project/CPU/CPU/extension.vhd sub00/vhpl25 1417907388
AR mux_pc behavioral E:/Thinpand/CPU/project/CPU/CPU/mux_pc.vhd sub00/vhpl29 1417907394
EN b_mux NULL E:/Thinpand/CPU/project/CPU/CPU/B_MUX.vhd sub00/vhpl32 1417907397
AR foward behavior E:/Thinpand/CPU/project/CPU/CPU/Foward.vhd sub00/vhpl27 1417907390
AR pause behavior E:/Thinpand/CPU/project/CPU/CPU/Pause.vhd sub00/vhpl45 1417907392
EN idreg NULL E:/Thinpand/CPU/project/CPU/CPU/IDReg.vhd sub00/vhpl08 1417907371
EN extension NULL E:/Thinpand/CPU/project/CPU/CPU/extension.vhd sub00/vhpl24 1417907387
AR adder behavioral E:/Thinpand/CPU/project/CPU/CPU/Adder.vhd sub00/vhpl19 1417907382
AR alu behavioral E:/Thinpand/CPU/project/CPU/CPU/ALU.vhd sub00/vhpl21 1417907384
AR b_mux behavior E:/Thinpand/CPU/project/CPU/CPU/B_MUX.vhd sub00/vhpl33 1417907398
EN controller NULL E:/Thinpand/CPU/project/CPU/CPU/controller.vhd sub00/vhpl22 1417907385
AR qreg behavioral E:/Thinpand/CPU/project/CPU/CPU/QReg.vhd sub00/vhpl05 1417907368
AR memreg behavioral E:/Thinpand/CPU/project/CPU/CPU/MEMReg.vhd sub00/vhpl13 1417907376
AR rf behavioral E:/Thinpand/CPU/project/CPU/CPU/RF.vhd sub00/vhpl15 1417907378
EN memmgr NULL E:/Thinpand/CPU/project/CPU/CPU/memMgr.vhd sub00/vhpl16 1417907379
EN alu NULL E:/Thinpand/CPU/project/CPU/CPU/ALU.vhd sub00/vhpl20 1417907383
