EN ifreg NULL E:/Thinpand/CPU/project/CPU/CPU/IFReg.vhd sub00/vhpl06 1417958802
AR mux_wdata behavioral E:/Thinpand/CPU/project/CPU/CPU/mux_wdata.vhd sub00/vhpl37 1417958835
AR mux_rwdata behavioral E:/Thinpand/CPU/project/CPU/CPU/mux_rwdata.vhd sub00/vhpl41 1417958839
AR ifreg behavioral E:/Thinpand/CPU/project/CPU/CPU/IFReg.vhd sub00/vhpl07 1417958803
EN adder NULL E:/Thinpand/CPU/project/CPU/CPU/Adder.vhd sub00/vhpl18 1417958814
EN qreg NULL E:/Thinpand/CPU/project/CPU/CPU/QReg.vhd sub00/vhpl04 1417958800
EN foward NULL E:/Thinpand/CPU/project/CPU/CPU/Foward.vhd sub00/vhpl26 1417958822
EN dm NULL E:/Thinpand/CPU/project/CPU/CPU/DM.vhd sub00/vhpl02 1417958798
AR exereg behavioral E:/Thinpand/CPU/project/CPU/CPU/EXEReg.vhd sub00/vhpl11 1417958807
EN mux_raddr NULL E:/Thinpand/CPU/project/CPU/CPU/mux_raddr.vhd sub00/vhpl34 1417958832
AR a_mux behavior E:/Thinpand/CPU/project/CPU/CPU/A_MUX.vhd sub00/vhpl31 1417958829
EN pause NULL E:/Thinpand/CPU/project/CPU/CPU/Pause.vhd sub00/vhpl44 1417958824
AR im behavioral E:/Thinpand/CPU/project/CPU/CPU/IM.vhd sub00/vhpl01 1417958797
EN mux_pc NULL E:/Thinpand/CPU/project/CPU/CPU/mux_pc.vhd sub00/vhpl28 1417958826
EN mux_wdata NULL E:/Thinpand/CPU/project/CPU/CPU/mux_wdata.vhd sub00/vhpl36 1417958834
EN mux_rwdata NULL E:/Thinpand/CPU/project/CPU/CPU/mux_rwdata.vhd sub00/vhpl40 1417958838
EN mux_sp_s NULL E:/Thinpand/CPU/project/CPU/CPU/mux_sp_s.vhd sub00/vhpl38 1417958836
EN im NULL E:/Thinpand/CPU/project/CPU/CPU/IM.vhd sub00/vhpl00 1417958796
EN exereg NULL E:/Thinpand/CPU/project/CPU/CPU/EXEReg.vhd sub00/vhpl10 1417958806
EN cpu NULL E:/Thinpand/CPU/project/CPU/CPU/CPU.vhd sub00/vhpl42 1417958840
AR controller behavior E:/Thinpand/CPU/project/CPU/CPU/controller.vhd sub00/vhpl23 1417958819
EN a_mux NULL E:/Thinpand/CPU/project/CPU/CPU/A_MUX.vhd sub00/vhpl30 1417958828
AR cpu behavioral E:/Thinpand/CPU/project/CPU/CPU/CPU.vhd sub00/vhpl43 1417958841
AR mux_sp_s behavioral E:/Thinpand/CPU/project/CPU/CPU/mux_sp_s.vhd sub00/vhpl39 1417958837
AR memmgr behavioral E:/Thinpand/CPU/project/CPU/CPU/memMgr.vhd sub00/vhpl17 1417958813
AR idreg behavioral E:/Thinpand/CPU/project/CPU/CPU/IDReg.vhd sub00/vhpl09 1417958805
EN memreg NULL E:/Thinpand/CPU/project/CPU/CPU/MEMReg.vhd sub00/vhpl12 1417958808
EN rf NULL E:/Thinpand/CPU/project/CPU/CPU/RF.vhd sub00/vhpl14 1417958810
AR mux_raddr behavioral E:/Thinpand/CPU/project/CPU/CPU/mux_raddr.vhd sub00/vhpl35 1417958833
AR dm behavioral E:/Thinpand/CPU/project/CPU/CPU/DM.vhd sub00/vhpl03 1417958799
AR extension behavioral E:/Thinpand/CPU/project/CPU/CPU/extension.vhd sub00/vhpl25 1417958821
AR mux_pc behavioral E:/Thinpand/CPU/project/CPU/CPU/mux_pc.vhd sub00/vhpl29 1417958827
EN b_mux NULL E:/Thinpand/CPU/project/CPU/CPU/B_MUX.vhd sub00/vhpl32 1417958830
AR foward behavior E:/Thinpand/CPU/project/CPU/CPU/Foward.vhd sub00/vhpl27 1417958823
AR pause behavior E:/Thinpand/CPU/project/CPU/CPU/Pause.vhd sub00/vhpl45 1417958825
EN idreg NULL E:/Thinpand/CPU/project/CPU/CPU/IDReg.vhd sub00/vhpl08 1417958804
EN extension NULL E:/Thinpand/CPU/project/CPU/CPU/extension.vhd sub00/vhpl24 1417958820
AR adder behavioral E:/Thinpand/CPU/project/CPU/CPU/Adder.vhd sub00/vhpl19 1417958815
AR alu behavioral E:/Thinpand/CPU/project/CPU/CPU/ALU.vhd sub00/vhpl21 1417958817
AR b_mux behavior E:/Thinpand/CPU/project/CPU/CPU/B_MUX.vhd sub00/vhpl33 1417958831
EN controller NULL E:/Thinpand/CPU/project/CPU/CPU/controller.vhd sub00/vhpl22 1417958818
AR qreg behavioral E:/Thinpand/CPU/project/CPU/CPU/QReg.vhd sub00/vhpl05 1417958801
AR memreg behavioral E:/Thinpand/CPU/project/CPU/CPU/MEMReg.vhd sub00/vhpl13 1417958809
EN memmgr NULL E:/Thinpand/CPU/project/CPU/CPU/memMgr.vhd sub00/vhpl16 1417958812
AR rf behavioral E:/Thinpand/CPU/project/CPU/CPU/RF.vhd sub00/vhpl15 1417958811
EN alu NULL E:/Thinpand/CPU/project/CPU/CPU/ALU.vhd sub00/vhpl20 1417958816
